[    0.000000] Linux version 4.15.0-213-generic (buildd@lcy02-amd64-079) (gcc version 7.5.0 (Ubuntu 7.5.0-3ubuntu1~18.04)) #224-Ubuntu SMP Mon Jun 19 13:30:12 UTC 2023 (Ubuntu 4.15.0-213.224-generic 4.15.18)
[    0.000000] Command line: BOOT_IMAGE=/boot/vmlinuz-4.15.0-213-generic root=UUID=f685bb41-0e3b-40c4-89c1-eea0f0583525 ro console=tty1 console=ttyS0
[    0.000000] KERNEL supported cpus:
[    0.000000]   Intel GenuineIntel
[    0.000000]   AMD AuthenticAMD
[    0.000000]   Centaur CentaurHauls
[    0.000000] x86/fpu: x87 FPU will use FXSAVE
[    0.000000] e820: BIOS-provided physical RAM map:
[    0.000000] BIOS-e820: [mem 0x0000000000000000-0x000000000009fbff] usable
[    0.000000] BIOS-e820: [mem 0x000000000009fc00-0x000000000009ffff] reserved
[    0.000000] BIOS-e820: [mem 0x00000000000f0000-0x00000000000fffff] reserved
[    0.000000] BIOS-e820: [mem 0x0000000000100000-0x000000003ffeffff] usable
[    0.000000] BIOS-e820: [mem 0x000000003fff0000-0x000000003fffffff] ACPI data
[    0.000000] BIOS-e820: [mem 0x00000000fec00000-0x00000000fec00fff] reserved
[    0.000000] BIOS-e820: [mem 0x00000000fee00000-0x00000000fee00fff] reserved
[    0.000000] BIOS-e820: [mem 0x00000000fffc0000-0x00000000ffffffff] reserved
[    0.000000] NX (Execute Disable) protection: active
[    0.000000] SMBIOS 2.5 present.
[    0.000000] DMI: innotek GmbH VirtualBox/VirtualBox, BIOS VirtualBox 12/01/2006
[    0.000000] Hypervisor detected: KVM
[    0.000000] e820: last_pfn = 0x3fff0 max_arch_pfn = 0x400000000
[    0.000000] x86/PAT: Configuration [0-7]: WB  WC  UC- UC  WB  WP  UC- WT  
[    0.000000] CPU MTRRs all blank - virtualized system.
[    0.000000] found SMP MP-table at [mem 0x0009fbf0-0x0009fbff]
[    0.000000] Scanning 1 areas for low memory corruption
[    0.000000] RAMDISK: [mem 0x35819000-0x36c03fff]
[    0.000000] ACPI: Early table checksum verification disabled
[    0.000000] ACPI: RSDP 0x00000000000E0000 000024 (v02 VBOX  )
[    0.000000] ACPI: XSDT 0x000000003FFF0030 00003C (v01 VBOX   VBOXXSDT 00000001 ASL  00000061)
[    0.000000] ACPI: FACP 0x000000003FFF00F0 0000F4 (v04 VBOX   VBOXFACP 00000001 ASL  00000061)
[    0.000000] ACPI: DSDT 0x000000003FFF0610 002353 (v02 VBOX   VBOXBIOS 00000002 INTL 20100528)
[    0.000000] ACPI: FACS 0x000000003FFF0200 000040
[    0.000000] ACPI: FACS 0x000000003FFF0200 000040
[    0.000000] ACPI: APIC 0x000000003FFF0240 00005C (v02 VBOX   VBOXAPIC 00000001 ASL  00000061)
[    0.000000] ACPI: SSDT 0x000000003FFF02A0 00036C (v01 VBOX   VBOXCPUT 00000002 INTL 20100528)
[    0.000000] ACPI: Reserving FACP table memory at [mem 0x3fff00f0-0x3fff01e3]
[    0.000000] ACPI: Reserving DSDT table memory at [mem 0x3fff0610-0x3fff2962]
[    0.000000] ACPI: Reserving FACS table memory at [mem 0x3fff0200-0x3fff023f]
[    0.000000] ACPI: Reserving FACS table memory at [mem 0x3fff0200-0x3fff023f]
[    0.000000] ACPI: Reserving APIC table memory at [mem 0x3fff0240-0x3fff029b]
[    0.000000] ACPI: Reserving SSDT table memory at [mem 0x3fff02a0-0x3fff060b]
[    0.000000] No NUMA configuration found
[    0.000000] Faking a node at [mem 0x0000000000000000-0x000000003ffeffff]
[    0.000000] NODE_DATA(0) allocated [mem 0x3ffc5000-0x3ffeffff]
[    0.000000] kvm-clock: cpu 0, msr 0:3ff44001, primary cpu clock
[    0.000000] kvm-clock: Using msrs 4b564d01 and 4b564d00
[    0.000000] kvm-clock: using sched offset of 3704613370 cycles
[    0.000000] clocksource: kvm-clock: mask: 0xffffffffffffffff max_cycles: 0x1cd42e4dffb, max_idle_ns: 881590591483 ns
[    0.000000] Zone ranges:
[    0.000000]   DMA      [mem 0x0000000000001000-0x0000000000ffffff]
[    0.000000]   DMA32    [mem 0x0000000001000000-0x000000003ffeffff]
[    0.000000]   Normal   empty
[    0.000000]   Device   empty
[    0.000000] Movable zone start for each node
[    0.000000] Early memory node ranges
[    0.000000]   node   0: [mem 0x0000000000001000-0x000000000009efff]
[    0.000000]   node   0: [mem 0x0000000000100000-0x000000003ffeffff]
[    0.000000] Reserved but unavailable: 104 pages
[    0.000000] Initmem setup node 0 [mem 0x0000000000001000-0x000000003ffeffff]
[    0.000000] ACPI: PM-Timer IO Port: 0x4008
[    0.000000] IOAPIC[0]: apic_id 2, version 32, address 0xfec00000, GSI 0-23
[    0.000000] ACPI: INT_SRC_OVR (bus 0 bus_irq 0 global_irq 2 dfl dfl)
[    0.000000] ACPI: INT_SRC_OVR (bus 0 bus_irq 9 global_irq 9 low level)
[    0.000000] Using ACPI (MADT) for SMP configuration information
[    0.000000] smpboot: Allowing 2 CPUs, 0 hotplug CPUs
[    0.000000] PM: Registered nosave memory: [mem 0x00000000-0x00000fff]
[    0.000000] PM: Registered nosave memory: [mem 0x0009f000-0x0009ffff]
[    0.000000] PM: Registered nosave memory: [mem 0x000a0000-0x000effff]
[    0.000000] PM: Registered nosave memory: [mem 0x000f0000-0x000fffff]
[    0.000000] e820: [mem 0x40000000-0xfebfffff] available for PCI devices
[    0.000000] Booting paravirtualized kernel on KVM
[    0.000000] clocksource: refined-jiffies: mask: 0xffffffff max_cycles: 0xffffffff, max_idle_ns: 7645519600211568 ns
[    0.000000] setup_percpu: NR_CPUS:8192 nr_cpumask_bits:2 nr_cpu_ids:2 nr_node_ids:1
[    0.000000] percpu: Embedded 50 pages/cpu s167936 r8192 d28672 u1048576
[    0.000000] PV qspinlock hash table entries: 256 (order: 0, 4096 bytes)
[    0.000000] Built 1 zonelists, mobility grouping on.  Total pages: 257913
[    0.000000] Policy zone: DMA32
[    0.000000] Kernel command line: BOOT_IMAGE=/boot/vmlinuz-4.15.0-213-generic root=UUID=f685bb41-0e3b-40c4-89c1-eea0f0583525 ro console=tty1 console=ttyS0
[    0.000000] Memory: 981776K/1048120K available (12300K kernel code, 2477K rwdata, 4324K rodata, 2480K init, 2720K bss, 66344K reserved, 0K cma-reserved)
[    0.000000] SLUB: HWalign=64, Order=0-3, MinObjects=0, CPUs=2, Nodes=1
[    0.000000] ftrace: allocating 39508 entries in 155 pages
[    0.004000] Hierarchical RCU implementation.
[    0.004000] 	RCU restricting CPUs from NR_CPUS=8192 to nr_cpu_ids=2.
[    0.004000] 	Tasks RCU enabled.
[    0.004000] RCU: Adjusting geometry for rcu_fanout_leaf=16, nr_cpu_ids=2
[    0.004000] NR_IRQS: 524544, nr_irqs: 440, preallocated irqs: 16
[    0.004000] random: crng init done
[    0.004000] Console: colour VGA+ 80x25
[    0.004000] console [tty1] enabled
[    0.004000] console [ttyS0] enabled
[    0.004000] ACPI: Core revision 20170831
[    0.004000] ACPI: 2 ACPI AML tables successfully acquired and loaded
[    0.004000] APIC: Switch to symmetric I/O mode setup
[    0.004000] ..TIMER: vector=0x30 apic1=0 pin1=2 apic2=-1 pin2=-1
[    0.004000] tsc: Detected 4104.012 MHz processor
[    0.004000] Calibrating delay loop (skipped) preset value.. 8208.02 BogoMIPS (lpj=16416048)
[    0.004000] pid_max: default: 32768 minimum: 301
[    0.004000] Security Framework initialized
[    0.004000] Yama: becoming mindful.
[    0.004000] AppArmor: AppArmor initialized
[    0.004000] Dentry cache hash table entries: 131072 (order: 8, 1048576 bytes)
[    0.008249] Inode-cache hash table entries: 65536 (order: 7, 524288 bytes)
[    0.012067] Mount-cache hash table entries: 2048 (order: 2, 16384 bytes)
[    0.016096] Mountpoint-cache hash table entries: 2048 (order: 2, 16384 bytes)
[    0.025535] Last level iTLB entries: 4KB 64, 2MB 8, 4MB 8
[    0.028002] Last level dTLB entries: 4KB 64, 2MB 0, 4MB 0, 1GB 4
[    0.032003] Spectre V1 : Mitigation: usercopy/swapgs barriers and __user pointer sanitization
[    0.036003] Spectre V2 : Mitigation: Enhanced IBRS
[    0.040002] Spectre V2 : Spectre v2 / SpectreRSB mitigation: Filling RSB on context switch
[    0.048003] Spectre V2 : Spectre v2 / PBRSB-eIBRS: Retire a single CALL on VMEXIT
[    0.052002] RETBleed: Mitigation: Enhanced IBRS
[    0.056003] Speculative Store Bypass: Vulnerable
[    0.060044] MMIO Stale Data: Mitigation: Clear CPU buffers
[    0.064005] SRBDS: Unknown: Dependent on hypervisor status
[    0.068156] Freeing SMP alternatives memory: 36K
[    0.196004] APIC calibration not consistent with PM-Timer: 108ms instead of 100ms
[    0.200000] APIC delta adjusted to PM-Timer: 6412765 (6926623)
[    0.200353] smpboot: CPU0: Intel(R) Core(TM) i5-10600KF CPU @ 4.10GHz (family: 0x6, model: 0xa5, stepping: 0x5)
[    0.204448] Performance Events: unsupported p6 CPU model 165 no PMU driver, software events only.
[    0.208120] Hierarchical SRCU implementation.
[    0.212798] NMI watchdog: Perf event create on CPU 0 failed with -2
[    0.216002] NMI watchdog: Perf NMI watchdog permanently disabled
[    0.220294] smp: Bringing up secondary CPUs ...
[    0.224976] x86: Booting SMP configuration:
[    0.228003] .... node  #0, CPUs:      #1
[    0.004000] kvm-clock: cpu 1, msr 0:3ff44041, secondary cpu clock
[    0.236000] TSC synchronization [CPU#0 -> CPU#1]:
[    0.236000] Measured 81951 cycles TSC warp between CPUs, turning off TSC clock.
[    0.236000] tsc: Marking TSC unstable due to check_tsc_sync_source failed
[    0.240144] smp: Brought up 1 node, 2 CPUs
[    0.242781] smpboot: Max logical packages: 1
[    0.244006] smpboot: Total of 2 processors activated (16416.04 BogoMIPS)
[    0.248620] devtmpfs: initialized
[    0.252117] x86/mm: Memory block size: 128MB
[    0.256355] evm: security.selinux
[    0.258529] evm: security.SMACK64
[    0.260005] evm: security.SMACK64EXEC
[    0.262395] evm: security.SMACK64TRANSMUTE
[    0.264002] evm: security.SMACK64MMAP
[    0.268004] evm: security.apparmor
[    0.270225] evm: security.ima
[    0.272002] evm: security.capability
[    0.274657] clocksource: jiffies: mask: 0xffffffff max_cycles: 0xffffffff, max_idle_ns: 7645041785100000 ns
[    0.276099] futex hash table entries: 512 (order: 3, 32768 bytes)
[    0.280196] pinctrl core: initialized pinctrl subsystem
[    0.284478] RTC time: 23:51:55, date: 12/02/24
[    0.288622] NET: Registered protocol family 16
[    0.292107] audit: initializing netlink subsys (disabled)
[    0.296090] audit: type=2000 audit(1733183519.936:1): state=initialized audit_enabled=0 res=1
[    0.304062] cpuidle: using governor ladder
[    0.307042] cpuidle: using governor menu
[    0.308126] ACPI: bus type PCI registered
[    0.310717] acpiphp: ACPI Hot Plug PCI Controller Driver version: 0.5
[    0.312435] PCI: Using configuration type 1 for base access
[    0.320664] HugeTLB registered 2.00 MiB page size, pre-allocated 0 pages
[    0.328385] ACPI: Added _OSI(Module Device)
[    0.332005] ACPI: Added _OSI(Processor Device)
[    0.335214] ACPI: Added _OSI(3.0 _SCP Extensions)
[    0.336005] ACPI: Added _OSI(Processor Aggregator Device)
[    0.340004] ACPI: Added _OSI(Linux-Dell-Video)
[    0.344087] ACPI: Added _OSI(Linux-Lenovo-NV-HDMI-Audio)
[    0.347614] ACPI: Added _OSI(Linux-HPI-Hybrid-Graphics)
[    0.352212] ACPI: Executed 1 blocks of module-level executable AML code
[    0.360628] ACPI: Interpreter enabled
[    0.363056] ACPI: (supports S0 S5)
[    0.364003] ACPI: Using IOAPIC for interrupt routing
[    0.368149] PCI: Using host bridge windows from ACPI; if necessary, use "pci=nocrs" and report a bug
[    0.372195] ACPI: Enabled 2 GPEs in block 00 to 07
[    0.385468] ACPI: PCI Root Bridge [PCI0] (domain 0000 [bus 00-ff])
[    0.388006] acpi PNP0A03:00: _OSC: OS supports [ASPM ClockPM Segments MSI]
[    0.392723] acpi PNP0A03:00: _OSC: not requesting OS control; OS requires [ExtendedConfig ASPM ClockPM MSI]
[    0.396009] acpi PNP0A03:00: fail to add MMCONFIG information, can't access extended PCI configuration space under this bridge.
[    0.400664] PCI host bridge to bus 0000:00
[    0.404005] pci_bus 0000:00: root bus resource [io  0x0000-0x0cf7 window]
[    0.408004] pci_bus 0000:00: root bus resource [io  0x0d00-0xffff window]
[    0.412004] pci_bus 0000:00: root bus resource [mem 0x000a0000-0x000bffff window]
[    0.416004] pci_bus 0000:00: root bus resource [mem 0x40000000-0xfdffffff window]
[    0.420004] pci_bus 0000:00: root bus resource [bus 00-ff]
[    0.429944] pci 0000:00:01.1: legacy IDE quirk: reg 0x10: [io  0x01f0-0x01f7]
[    0.432003] pci 0000:00:01.1: legacy IDE quirk: reg 0x14: [io  0x03f6]
[    0.436004] pci 0000:00:01.1: legacy IDE quirk: reg 0x18: [io  0x0170-0x0177]
[    0.440003] pci 0000:00:01.1: legacy IDE quirk: reg 0x1c: [io  0x0376]
[    0.462102] pci 0000:00:07.0: quirk: [io  0x4000-0x403f] claimed by PIIX4 ACPI
[    0.464029] pci 0000:00:07.0: quirk: [io  0x4100-0x410f] claimed by PIIX4 SMB
[    0.475622] ACPI: PCI Interrupt Link [LNKA] (IRQs 5 9 10 *11)
[    0.476466] ACPI: PCI Interrupt Link [LNKB] (IRQs 5 9 *10 11)
[    0.480207] ACPI: PCI Interrupt Link [LNKC] (IRQs 5 *9 10 11)
[    0.484191] ACPI: PCI Interrupt Link [LNKD] (IRQs 5 9 10 *11)
[    0.492233] SCSI subsystem initialized
[    0.496120] pci 0000:00:02.0: vgaarb: setting as boot VGA device
[    0.500000] pci 0000:00:02.0: vgaarb: VGA device added: decodes=io+mem,owns=io+mem,locks=none
[    0.500007] pci 0000:00:02.0: vgaarb: bridge control possible
[    0.504004] vgaarb: loaded
[    0.508072] ACPI: bus type USB registered
[    0.510682] usbcore: registered new interface driver usbfs
[    0.512020] usbcore: registered new interface driver hub
[    0.516016] usbcore: registered new device driver usb
[    0.520238] EDAC MC: Ver: 3.0.0
[    0.524904] PCI: Using ACPI for IRQ routing
[    0.528553] NetLabel: Initializing
[    0.532003] NetLabel:  domain hash size = 128
[    0.535224] NetLabel:  protocols = UNLABELED CIPSOv4 CALIPSO
[    0.536021] NetLabel:  unlabeled traffic allowed by default
[    0.540293] clocksource: Switched to clocksource kvm-clock
[    0.548625] VFS: Disk quotas dquot_6.6.0
[    0.548625] VFS: Dquot-cache hash table entries: 512 (order 0, 4096 bytes)
[    0.548625] AppArmor: AppArmor Filesystem Enabled
[    0.548625] pnp: PnP ACPI init
[    0.548625] pnp: PnP ACPI: found 3 devices
[    0.630079] clocksource: acpi_pm: mask: 0xffffff max_cycles: 0xffffff, max_idle_ns: 2085701024 ns
[    0.632280] NET: Registered protocol family 2
[    0.632280] IP idents hash table entries: 16384 (order: 5, 131072 bytes)
[    0.644337] TCP established hash table entries: 8192 (order: 4, 65536 bytes)
[    0.649579] TCP bind hash table entries: 8192 (order: 5, 131072 bytes)
[    0.654478] TCP: Hash tables configured (established 8192 bind 8192)
[    0.657955] UDP hash table entries: 512 (order: 2, 16384 bytes)
[    0.657955] UDP-Lite hash table entries: 512 (order: 2, 16384 bytes)
[    0.657955] NET: Registered protocol family 1
[    0.657955] pci 0000:00:00.0: Limiting direct PCI/PCI transfers
[    0.657955] pci 0000:00:01.0: Activating ISA DMA hang workarounds
[    0.657955] pci 0000:00:02.0: Video device with shadowed ROM at [mem 0x000c0000-0x000dffff]
[    0.657955] Unpacking initramfs...
[    1.145122] Freeing initrd memory: 20396K
[    1.148193] clocksource: tsc: mask: 0xffffffffffffffff max_cycles: 0x3b282c9520c, max_idle_ns: 440795298175 ns
[    1.154850] platform rtc_cmos: registered platform RTC device (no PNP device found)
[    1.160074] Scanning for low memory corruption every 60 seconds
[    1.165660] Initialise system trusted keyrings
[    1.168979] Key type blacklist registered
[    1.172328] workingset: timestamp_bits=36 max_order=18 bucket_order=0
[    1.178763] zbud: loaded
[    1.181537] squashfs: version 4.0 (2009/01/31) Phillip Lougher
[    1.186164] fuse init (API version 7.26)
[    1.207524] Key type asymmetric registered
[    1.210553] Asymmetric key parser 'x509' registered
[    1.213889] Block layer SCSI generic (bsg) driver version 0.4 loaded (major 246)
[    1.220224] io scheduler noop registered
[    1.223766] io scheduler deadline registered
[    1.227423] io scheduler cfq registered (default)
[    1.231306] ACPI: AC Adapter [AC] (on-line)
[    1.234419] input: Power Button as /devices/LNXSYSTM:00/LNXPWRBN:00/input/input0
[    1.239547] ACPI: Power Button [PWRF]
[    1.242247] input: Sleep Button as /devices/LNXSYSTM:00/LNXSLPBN:00/input/input1
[    1.247199] ACPI: Sleep Button [SLPF]
[    1.250785] Serial: 8250/16550 driver, 32 ports, IRQ sharing enabled
[    1.279953] 00:02: ttyS0 at I/O 0x3f8 (irq = 4, base_baud = 115200) is a 16550A
[    1.300416] Linux agpgart interface v0.103
[    1.308471] loop: module loaded
[    1.313324] scsi host0: ata_piix
[    1.316121] scsi host1: ata_piix
[    1.318446] ata1: PATA max UDMA/33 cmd 0x1f0 ctl 0x3f6 bmdma 0xd000 irq 14
[    1.323731] ata2: PATA max UDMA/33 cmd 0x170 ctl 0x376 bmdma 0xd008 irq 15
[    1.329435] tun: Universal TUN/TAP device driver, 1.6
[    1.334151] PPP generic driver version 2.4.2
[    1.338009] ehci_hcd: USB 2.0 'Enhanced' Host Controller (EHCI) Driver
[    1.342444] ehci-pci: EHCI PCI platform driver
[    1.345418] ehci-platform: EHCI generic platform driver
[    1.349070] ohci_hcd: USB 1.1 'Open' Host Controller (OHCI) Driver
[    1.353466] ohci-pci: OHCI PCI platform driver
[    1.357420] ohci-platform: OHCI generic platform driver
[    1.362133] uhci_hcd: USB Universal Host Controller Interface driver
[    1.366504] i8042: PNP: PS/2 Controller [PNP0303:PS2K,PNP0f03:PS2M] at 0x60,0x64 irq 1,12
[    1.374819] serio: i8042 KBD port at 0x60,0x64 irq 1
[    1.378286] serio: i8042 AUX port at 0x60,0x64 irq 12
[    1.381849] mousedev: PS/2 mouse device common for all mice
[    1.387343] rtc_cmos rtc_cmos: rtc core: registered rtc_cmos as rtc0
[    1.392701] rtc_cmos rtc_cmos: alarms up to one day, 114 bytes nvram
[    1.397321] i2c /dev entries driver
[    1.399768] input: AT Translated Set 2 keyboard as /devices/platform/i8042/serio0/input/input2
[    1.401162] device-mapper: uevent: version 1.0.3
[    1.409473] device-mapper: ioctl: 4.37.0-ioctl (2017-09-20) initialised: dm-devel@redhat.com
[    1.415915] ledtrig-cpu: registered to indicate activity on CPUs
[    1.421765] NET: Registered protocol family 10
[    1.431186] Segment Routing with IPv6
[    1.434022] NET: Registered protocol family 17
[    1.437744] Key type dns_resolver registered
[    1.441582] mce: Using 0 MCE banks
[    1.444286] RAS: Correctable Errors collector initialized.
[    1.448045] sched_clock: Marking stable (1444209319, 0)->(2013243535, -569034216)
[    1.456938] registered taskstats version 1
[    1.460043] Loading compiled-in X.509 certificates
[    1.468133] Loaded X.509 cert 'Build time autogenerated kernel key: cdc7189136aaa35407544516090e2034d9c28e14'
[    1.475667] Loaded X.509 cert 'Canonical Ltd. Live Patch Signing: 14df34d1a87cf37625abec039ef2bf521249b969'
[    1.483456] Loaded X.509 cert 'Canonical Ltd. Kernel Module Signing: 88f752e560a1e0737e31163a466ad7b70a850c19'
[    1.491661] blacklist: Loading compiled-in revocation X.509 certificates
[    1.521445] Loaded X.509 cert 'Canonical Ltd. Secure Boot Signing: 61482aa2830d0ab2ad5af10b7250da9033ddcef0'
[    1.529133] Loaded X.509 cert 'Canonical Ltd. Secure Boot Signing (2017): 242ade75ac4a15e50d50c84b0d45ff3eae707a03'
[    1.536616] Loaded X.509 cert 'Canonical Ltd. Secure Boot Signing (ESM 2018): 365188c1d374d6b07c3c8f240f8ef722433d6a8b'
[    1.545044] Loaded X.509 cert 'Canonical Ltd. Secure Boot Signing (2019): c0746fd6c5da3ae827864651ad66ae47fe24b3e8'
[    1.553456] Loaded X.509 cert 'Canonical Ltd. Secure Boot Signing (2021 v1): a8d54bbb3825cfb94fa13c9f8a594a195c107b8d'
[    1.560491] Loaded X.509 cert 'Canonical Ltd. Secure Boot Signing (2021 v2): 4cf046892d6fd3c9a5b03f98d845f90851dc6a8c'
[    1.567314] Loaded X.509 cert 'Canonical Ltd. Secure Boot Signing (2021 v3): 100437bb6de6e469b581e61cd66bce3ef4ed53af'
[    1.573987] Loaded X.509 cert 'Canonical Ltd. Secure Boot Signing (Ubuntu Core 2019): c1d57b8f6b743f23ee41f4f7ee292f06eecadfb9'
[    1.581500] zswap: loaded using pool lzo/zbud
[    1.591869] Key type big_key registered
[    1.594867] Key type trusted registered
[    1.601495] Key type encrypted registered
[    1.604866] AppArmor: AppArmor sha1 policy hashing enabled
[    1.608608] ima: No TPM chip found, activating TPM-bypass! (rc=-19)
[    1.612965] ima: Allocated hash algorithm: sha1
[    1.615998] evm: HMAC attrs: 0x1
[    1.618861]   Magic number: 4:966:907
[    1.621852] rtc_cmos rtc_cmos: setting system clock to 2024-12-02 23:51:56 UTC (1733183516)
[    1.627833] BIOS EDD facility v0.16 2004-Jun-25, 0 devices found
[    1.633557] EDD information not available.
[    1.640506] Freeing unused kernel image memory: 2480K
[    1.664618] Write protecting the kernel read-only data: 20480k
[    1.669394] Freeing unused kernel image memory: 2008K
[    1.673008] Freeing unused kernel image memory: 1820K
[    1.681916] x86/mm: Checked W+X mappings: passed, no W+X pages found.
Loading, please wait...
starting version 237
[    1.767365] Fusion MPT base driver 3.04.20
[    1.771628] Copyright (c) 1999-2008 LSI Corporation
[    1.790427] e1000: Intel(R) PRO/1000 Network Driver - version 7.3.21-k8-NAPI
[    1.795620] e1000: Copyright (c) 1999-2006 Intel Corporation.
[    1.809867] SSE version of gcm_enc/dec engaged.
[    1.829673] Fusion MPT SPI Host driver 3.04.20
[    2.043559] input: ImExPS/2 Generic Explorer Mouse as /devices/platform/i8042/serio1/input/input4
[    2.676344] e1000 0000:00:03.0 eth0: (PCI:33MHz:32-bit) 02:3b:7b:b7:3b:2d
[    2.680652] e1000 0000:00:03.0 eth0: Intel(R) PRO/1000 Network Connection
[    2.687171] mptbase: ioc0: Initiating bringup
[    2.691361] e1000 0000:00:03.0 enp0s3: renamed from eth0
[    2.853982] ioc0: LSI53C1030 A0: Capabilities={Initiator}
[    4.808248] scsi host2: ioc0: LSI53C1030 A0, FwRev=00000000h, Ports=1, MaxQ=256, IRQ=20
[    5.630442] scsi 2:0:0:0: Direct-Access     VBOX     HARDDISK         1.0  PQ: 0 ANSI: 5
[    5.668445] scsi target2:0:0: Beginning Domain Validation
[    5.678295] scsi target2:0:0: Domain Validation skipping write tests
[    5.683190] scsi target2:0:0: Ending Domain Validation
[    5.687202] scsi target2:0:0: asynchronous
[    5.692306] scsi 2:0:1:0: Direct-Access     VBOX     HARDDISK         1.0  PQ: 0 ANSI: 5
[    5.728071] scsi target2:0:1: Beginning Domain Validation
[    5.738435] scsi target2:0:1: Domain Validation skipping write tests
[    5.743295] scsi target2:0:1: Ending Domain Validation
[    5.747379] scsi target2:0:1: asynchronous
[    5.760889] sd 2:0:0:0: Attached scsi generic sg0 type 0
[    5.765819] sd 2:0:1:0: Attached scsi generic sg1 type 0
[    5.770176] sd 2:0:0:0: [sda] 83886080 512-byte logical blocks: (42.9 GB/40.0 GiB)
[    5.776671] sd 2:0:0:0: [sda] Write Protect is off
[    5.780579] sd 2:0:1:0: [sdb] 20480 512-byte logical blocks: (10.5 MB/10.0 MiB)
[    5.786511] sd 2:0:1:0: [sdb] Write Protect is off
[    5.790669] sd 2:0:0:0: [sda] Incomplete mode parameter data
[    5.795418] sd 2:0:0:0: [sda] Assuming drive cache: write through
[    5.800292] sd 2:0:1:0: [sdb] Incomplete mode parameter data
[    5.804578] sd 2:0:1:0: [sdb] Assuming drive cache: write through
[    5.814148]  sda: sda1
[    5.819555] sd 2:0:0:0: [sda] Attached SCSI disk
[    5.820910] sd 2:0:1:0: [sdb] Attached SCSI disk
Begin: Loading essential drivers ... [    8.771853] raid6: sse2x1   gen() 288291 MB/s
[   10.772101] raid6: sse2x1   xor() 214118 MB/s
[   12.773689] raid6: sse2x2   gen() 241493 MB/s
[   12.832491] raid6: sse2x2   xor() 12706 MB/s
[   12.884696] raid6: sse2x4   gen() 16964 MB/s
[   12.936236] raid6: sse2x4   xor()  9281 MB/s
[   12.939984] raid6: using algorithm sse2x1 gen() 288291 MB/s
[   12.944246] raid6: .... xor() 214118 MB/s, rmw enabled
[   12.948605] raid6: using ssse3x2 recovery algorithm
[   12.955297] xor: measuring software checksum speed
[   13.060100]    prefetch64-sse: 67157.000 MB/sec
[   13.163141]    generic_sse: 50693.000 MB/sec
[   13.171803] xor: using function: prefetch64-sse (67157.000 MB/sec)
[   13.187776] async_tx: api initialized (async)
done.
Begin: Running /scripts/init-premount ... done.
Begin: Mounting root file system ... Begin: Running /scripts/local-top ... done.
Begin: Running /scripts/local-premount ... [   13.302381] Btrfs loaded, crc32c=crc32c-intel
Scanning for Btrfs filesystems
done.
Begin: Will now check root file system ... fsck from util-linux 2.31.1
[/sbin/fsck.ext4 (1) -- /dev/sda1] fsck.ext4 -a -C0 /dev/sda1 
cloudimg-rootfs: recovering journal
cloudimg-rootfs: clean, 107658/5120000 files, 769211/10485499 blocks
done.
[   13.432472] EXT4-fs (sda1): mounted filesystem with ordered data mode. Opts: (null)
done.
Begin: Running /scripts/local-bottom ... done.
Begin: Running /scripts/init-bottom ... done.
[   13.730834] ip_tables: (C) 2000-2006 Netfilter Core Team
[   13.751349] systemd[1]: systemd 237 running in system mode. (+PAM +AUDIT +SELINUX +IMA +APPARMOR +SMACK +SYSVINIT +UTMP +LIBCRYPTSETUP +GCRYPT +GNUTLS +ACL +XZ +LZ4 +SECCOMP +BLKID +ELFUTILS +KMOD -IDN2 +IDN -PCRE2 default-hierarchy=hybrid)
[   13.770663] systemd[1]: Detected virtualization oracle.
[   13.776009] systemd[1]: Detected architecture x86-64.

Welcome to [1mUbuntu 18.04.6 LTS[0m!

[   13.810241] systemd[1]: Set hostname to <ubuntu-bionic>.
[   14.112686] systemd[1]: Created slice System Slice.
[[0;32m  OK  [0m] Created slice System Slice.
[   14.119413] systemd[1]: Set up automount Arbitrary Executable File Formats File System Automount Point.
[[0;32m  OK  [0m] Set up automount Arbitrary Executabâ€¦rmats File System Automount Point.
[   14.129727] systemd[1]: Listening on Syslog Socket.
[[0;32m  OK  [0m] Listening on Syslog Socket.
[   14.136233] systemd[1]: Created slice User and Session Slice.
[[0;32m  OK  [0m] Created slice User and Session Slice.
[   14.143399] systemd[1]: Listening on Network Service Netlink Socket.
[[0;32m  OK  [0m] Listening on Network Service Netlink Socket.
[   14.151244] systemd[1]: Listening on LVM2 poll daemon socket.
[[0;32m  OK  [0m] Listening on LVM2 poll daemon socket.
[[0;32m  OK  [0m] Listening on Journal Socket (/dev/log).
[[0;32m  OK  [0m] Listening on /dev/initctl Compatibility Named Pipe.
[[0;32m  OK  [0m] Listening on udev Kernel Socket.
[[0;32m  OK  [0m] Started Forward Password Requests to Wall Directory Watch.
[[0;32m  OK  [0m] Created slice system-serial\x2dgetty.slice.
[[0;32m  OK  [0m] Listening on LVM2 metadata daemon socket.
[[0;32m  OK  [0m] Listening on Device-mapper event daemon FIFOs.
[[0;32m  OK  [0m] Reached target System Time Synchronized.
[[0;32m  OK  [0m] Reached target User and Group Name Lookups.
[[0;32m  OK  [0m] Reached target Swap.
[[0;32m  OK  [0m] Reached target Mounting snaps.
[[0;32m  OK  [0m] Reached target Mounted snaps.
[[0;32m  OK  [0m] Listening on Journal Socket.
         Starting Uncomplicated firewall...
         Mounting Kernel Debug File System...
         Starting Load Kernel Modules...
         Starting Set the console keyboard layout...
         Mounting Huge Pages File System...
         Starting Monitoring of LVM2 mirrorsâ€¦ng dmeventd or progress polling...
         Starting Create list of required stâ€¦ce nodes for the current kernel...
[[0;32m  OK  [0m] Listening on Journal Audit Socket.[   14.232708] Loading iSCSI transport class v2.0-870.

         Starting Journal Service...
[[0;32m  OK  [0m] Listening on fsck to fsckd communication Socket.
         Starting Remount Root and Kernel File Systems...
         Mounting POSIX Message Queue File System...
[[0;32m  OK  [0m] Listening on udev Control Socket.
         Starting udev Coldplug all Devices...
[[0;32m  OK  [0m] Reached target Slices.
[[0;32m  OK  [0m] Started Uncomplicated firewall.
[[0;32m  OK  [0m] Mounted Kernel Debug File System.
[[0;32m  OK  [0m] Mounted Huge Pages File System.
[[0;32m  OK  [0m] Mounted POSIX Message Queue File System.
[[0;32m  OK  [0m] Started LVM2 metadata daemon.
[[0;32m  OK  [0m] Started udev Coldplug all Devices.
[[0;32m  OK  [0m] Started Create list of required staâ€¦vice nodes for the current kernel.
         Starting Create Static Device Nodes in /dev...
[   14.310535] iscsi: registered transport (tcp)
[   14.334455] iscsi: registered transport (iser)
[[0;32m  OK  [0m] Started Load Kernel Modules.
         Mounting FUSE Control File System...
         Starting Apply Kernel Variables...
         Mounting Kernel Configuration File System...
[[0;32m  OK  [0m] Mounted FUSE Control File System.
[[0;32m  OK  [0m] Mounted Kernel Configuration File System.
[[0;32m  OK  [0m] Started Journal Service.
[[0;32m  OK  [0m] Started Create Static Device Nodes in /dev.
[[0;32m  OK  [0m] Started Remount Root and Kernel File Systems.
         Starting Flush Journal to Persistent Storage...
         Starting udev Kernel Device Manager...
         Starting Load/Save Random Seed...
[[0;32m  OK  [0m] Started Monitoring of LVM2 mirrors,â€¦sing dmeventd or progress polling.
[[0;32m  OK  [0m] Started Apply Kernel Variables.
[[0;32m  OK  [0m] Started Load/Save Random Seed.
[[0;32m  OK  [0m] Started udev Kernel Device Manager.
[[0;32m  OK  [0m] Started Set the console keyboard layout.
[[0;32m  OK  [0m] Started Dispatch Password Requests to Console Directory Watch.
[[0;32m  OK  [0m] Reached target Local Encrypted Volumes.
[[0;32m  OK  [0m] Reached target Local File Systems (Pre).
[[0;32m  OK  [0m] Reached target Local File Systems.
         Starting ebtables ruleset management...
         Starting Set console font and keymap...
         Starting AppArmor initialization...
         Starting Tell Plymouth To Write Out Runtime Data...
[[0;32m  OK  [0m] Started Set console font and keymap.
[[0;32m  OK  [0m] Started Tell Plymouth To Write Out Runtime Data.
[[0;32m  OK  [0m] Started Flush Journal to Persistent Storage.
         Starting Create Volatile Files and Directories...
[[0;32m  OK  [0m] Started Create Volatile Files and Directories.
         Starting Update UTMP about System Boot/Shutdown...
[[0;32m  OK  [0m] Started Update UTMP about System Boot/Shutdown.
[[0;32m  OK  [0m] Started ebtables ruleset management.
[[0;32m  OK  [0m] Found device /dev/ttyS0.
[[0;32m  OK  [0m] Listening on Load/Save RF Kill Switch Status /dev/rfkill Watch.
[[0;32m  OK  [0m] Started AppArmor initialization.
         Starting Load AppArmor profiles managed internally by snapd...
         Starting Initial cloud-init job (pre-networking)...
         Mounting Arbitrary Executable File Formats File System...
[[0;32m  OK  [0m] Mounted Arbitrary Executable File Formats File System.
[[0;32m  OK  [0m] Started Load AppArmor profiles managed internally by snapd.
[   16.401551] cloud-init[569]: Cloud-init v. 23.1.2-0ubuntu0~18.04.1 running 'init-local' at Mon, 02 Dec 2024 23:52:11 +0000. Up 16.24 seconds.
[[0;32m  OK  [0m] Started Initial cloud-init job (pre-networking).
[[0;32m  OK  [0m] Reached target Network (Pre).
         Starting Network Service...
[[0;32m  OK  [0m] Started Network Service.
         Starting Wait for Network to be Configured...
         Starting Network Name Resolution...
[[0;32m  OK  [0m] Started Network Name Resolution.
[[0;32m  OK  [0m] Reached target Host and Network Name Lookups.
[[0;32m  OK  [0m] Reached target Network.
[[0;32m  OK  [0m] Started Wait for Network to be Configured.
         Starting Initial cloud-init job (metadata service crawler)...
[   18.921126] cloud-init[685]: Cloud-init v. 23.1.2-0ubuntu0~18.04.1 running 'init' at Mon, 02 Dec 2024 23:52:13 +0000. Up 18.79 seconds.
[   18.925110] cloud-init[685]: ci-info: ++++++++++++++++++++++++++++++++++++++Net device info++++++++++++++++++++++++++++++++++++++
[   18.928693] cloud-init[685]: ci-info: +--------+------+----------------------------+---------------+--------+-------------------+
[   18.932849] cloud-init[685]: ci-info: | Device |  Up  |          Address           |      Mask     | Scope  |     Hw-Address    |
[   18.936561] cloud-init[685]: ci-info: +--------+------+----------------------------+---------------+--------+-------------------+
[   18.940735] cloud-init[685]: ci-info: | enp0s3 | True |         10.0.2.15          | 255.255.255.0 | global | 02:3b:7b:b7:3b:2d |
[   18.944410] cloud-init[685]: ci-info: | enp0s3 | True | fd00::3b:7bff:feb7:3b2d/64 |       .       | global | 02:3b:7b:b7:3b:2d |
[   18.947674] cloud-init[685]: ci-info: | enp0s3 | True | fe80::3b:7bff:feb7:3b2d/64 |       .       |  link  | 02:3b:7b:b7:3b:2d |
[   18.950899] cloud-init[685]: ci-info: |   lo   | True |         127.0.0.1          |   255.0.0.0   |  host  |         .         |
[   18.953810] cloud-init[685]: ci-info: |   lo   | True |          ::1/128           |       .       |  host  |         .         |
[   18.956754] cloud-init[685]: ci-info: +--------+------+----------------------------+---------------+--------+-------------------+
[   18.960515] cloud-init[685]: ci-info: ++++++++++++++++++++++++++++Route IPv4 info+++++++++++++++++++++++++++++
[   18.963316] cloud-init[685]: ci-info: +-------+-------------+----------+-----------------+-----------+-------+
[   18.966323] cloud-init[685]: ci-info: | Route | Destination | Gateway  |     Genmask     | Interface | Flags |
[   18.969685] cloud-init[685]: ci-info: +-------+-------------+----------+-----------------+-----------+-------+
[   18.972586] cloud-init[685]: ci-info: |   0   |   0.0.0.0   | 10.0.2.2 |     0.0.0.0     |   enp0s3  |   UG  |
[   18.975281] cloud-init[685]: ci-info: |   1   |   10.0.2.0  | 0.0.0.0  |  255.255.255.0  |   enp0s3  |   U   |
[   18.978283] cloud-init[685]: ci-info: |   2   |   10.0.2.2  | 0.0.0.0  | 255.255.255.255 |   enp0s3  |   UH  |
[   18.981065] cloud-init[685]: ci-info: +-------+-------------+----------+-----------------+-----------+-------+
[   18.984010] cloud-init[685]: ci-info: +++++++++++++++++++Route IPv6 info+++++++++++++++++++
[   18.986707] cloud-init[685]: ci-info: +-------+-------------+---------+-----------+-------+
[   18.989206] cloud-init[685]: ci-info: | Route | Destination | Gateway | Interface | Flags |
[   18.991737] cloud-init[685]: ci-info: +-------+-------------+---------+-----------+-------+
[   18.994147] cloud-init[685]: ci-info: |   1   |  fd00::/64  |    ::   |   enp0s3  |   U   |
[   18.996427] cloud-init[685]: ci-info: |   2   |  fe80::/64  |    ::   |   enp0s3  |   U   |
[   18.998554] cloud-init[685]: ci-info: |   3   |     ::/0    | fe80::2 |   enp0s3  |   UG  |
[   19.001094] cloud-init[685]: ci-info: |   5   |    local    |    ::   |   enp0s3  |   U   |
[   19.003450] cloud-init[685]: ci-info: |   6   |   ff00::/8  |    ::   |   enp0s3  |   U   |
[   19.007413] cloud-init[685]: ci-info: +-------+-------------+---------+-----------+-------+
[[0;32m  OK  [0m] Started Initial cloud-init job (metadata service crawler).
[[0;32m  OK  [0m] Reached target Network is Online.
         Starting Availability of block devices...
[[0;32m  OK  [0m] Reached target Remote File Systems (Pre).
         Mounting /vagrant...
[[0;32m  OK  [0m] Reached target System Initialization.
         Starting LXD - unix socket.
[[0;32m  OK  [0m] Listening on Open-iSCSI iscsid Socket.
[[0;32m  OK  [0m] Started Discard unused blocks once a week.
         Starting Socket activation for snappy daemon.
[[0;32m  OK  [0m] Started ACPI Events Check.
[[0;32m  OK  [0m] Reached target Paths.
[[0;32m  OK  [0m] Started Daily apt upgrade and clean activities.
[[0;32m  OK  [0m] Started Message of the Day.
[[0;32m  OK  [0m] Listening on cloud-init hotplug hook socket.
[[0;32m  OK  [0m] Started Daily Cleanup of Temporary Directories.
[[0;32m  OK  [0m] Listening on D-Bus System Message Bus Socket.
[[0;32m  OK  [0m] Listening on UUID daemon activation socket.
[[0;32m  OK  [0m] Started Ubuntu Advantage Timer for running repeated jobs.
[[0;32m  OK  [0m] Reached target Timers.
[[0;32m  OK  [0m] Listening on ACPID Listen Socket.
[[0;32m  OK  [0m] Reached target Cloud-config availability.
[[0;32m  OK  [0m] Started Availability of block devices.
[[0;32m  OK  [0m] Listening on LXD - unix socket.
[[0;32m  OK  [0m] Listening on Socket activation for snappy daemon.
[[0;32m  OK  [0m] Reached target Sockets.
[[0;32m  OK  [0m] Reached target Basic System.
         Starting Daily apt upgrade and clean activities...
[[0;32m  OK  [0m] Started Deferred execution scheduler.
         Starting Virtualbox guest utils...
         Starting System Logging Service...
[[0;32m  OK  [0m] Started D-Bus System Message Bus.
         Starting Snap Daemon...
[[0;32m  OK  [0m] Reached target Login Prompts (Pre).
[[0;32m  OK  [0m] Started Regular background program processing daemon.
         Starting Discard unused blocks...
         Starting Dispatcher daemon for systemd-networkd...
         Starting LSB: Record successful boot for GRUB...
         Starting Message of the Day...
[[0;32m  OK  [0m] Started FUSE filesystem for LXC.
         Starting LXD - container startup/shutdown...
[[0;32m  OK  [0m] Started irqbalance daemon.
         Starting Accounts Service...
         Starting OpenBSD Secure Shell server...
         Starting Login Service...
[[0;32m  OK  [0m] Started System Logging Service.
[[0;32m  OK  [0m] Mounted /vagrant.
[[0;32m  OK  [0m] Started Discard unused blocks.
         Starting Hostname Service...
[[0;32m  OK  [0m] Reached target Remote File Systems.
         Starting LSB: automatic crash report generation...
         Starting Permit User Sessions...
[[0;32m  OK  [0m] Started Permit User Sessions.
         Starting Hold until boot process finishes up...
         Starting Terminate Plymouth Boot Screen...
[[0;32m  OK  [0m] Started Hold until boot process finishes up.
[[0;32m  OK  [0m] Started Serial Getty on ttyS0.
         Starting Set console scheme...
[[0;32m  OK  [0m] Started Terminate Plymouth Boot Screen.
[[0;32m  OK  [0m] Started Set console scheme.
[[0;32m  OK  [0m] Created slice system-getty.slice.
[[0;32m  OK  [0m] Started Getty on tty1.
[[0;32m  OK  [0m] Reached target Login Prompts.
[[0;32m  OK  [0m] Started Login Service.
[[0;32m  OK  [0m] Started Unattended Upgrades Shutdown.
[[0;32m  OK  [0m] Started LSB: Record successful boot for GRUB.
[[0;32m  OK  [0m] Started LSB: automatic crash report generation.
[[0;32m  OK  [0m] Started OpenBSD Secure Shell server.
[[0;32m  OK  [0m] Started Hostname Service.
[[0;32m  OK  [0m] Started Virtualbox guest utils.
         Starting Authorization Manager...
[[0;32m  OK  [0m] Started LXD - container startup/shutdown.
[[0;32m  OK  [0m] Started Authorization Manager.
[[0;32m  OK  [0m] Created slice User Slice of vagrant.
[[0;32m  OK  [0m] Started Accounts Service.
         Starting User Manager for UID 1000...
[[0;32m  OK  [0m] Started Session 1 of user vagrant.
[[0;32m  OK  [0m] Started Dispatcher daemon for systemd-networkd.
[[0;32m  OK  [0m] Started User Manager for UID 1000.
[[0;32m  OK  [0m] Started Snap Daemon.
         Starting Wait until snapd is fully seeded...
         Starting Time & Date Service...
[[0;32m  OK  [0m] Started Time & Date Service.
[[0;32m  OK  [0m] Started Wait until snapd is fully seeded.
         Starting Apply the settings specified in cloud-config...
[[0;32m  OK  [0m] Started Message of the Day.
[   22.375303] cloud-init[1308]: Cloud-init v. 23.1.2-0ubuntu0~18.04.1 running 'modules:config' at Mon, 02 Dec 2024 23:52:17 +0000. Up 22.19 seconds.
[[0;32m  OK  [0m] Started Apply the settings specified in cloud-config.
[[0;32m  OK  [0m] Reached target Multi-User System.
[[0;32m  OK  [0m] Reached target Graphical Interface.
         Starting Update UTMP about System Runlevel Changes...
         Starting Execute cloud user/final scripts...
[[0;32m  OK  [0m] Started Update UTMP about System Runlevel Changes.
[   23.197299] cloud-init[1436]: Cloud-init v. 23.1.2-0ubuntu0~18.04.1 running 'modules:final' at Mon, 02 Dec 2024 23:52:17 +0000. Up 23.00 seconds.
[   23.202023] cloud-init[1436]: Cloud-init v. 23.1.2-0ubuntu0~18.04.1 finished at Mon, 02 Dec 2024 23:52:17 +0000. Datasource DataSourceNoCloud [seed=/dev/sdb][dsmode=net].  Up 23.18 seconds
[[0;32m  OK  [0m] Started Execute cloud user/final scripts.
[[0;32m  OK  [0m] Reached target Cloud-init target.
[[0;32m  OK  [0m] Started Daily apt upgrade and clean activities.

Ubuntu 18.04.6 LTS ubuntu-bionic ttyS0

ubuntu-bionic login: 